// Jest Snapshot v1, https://goo.gl/fbAQLP

exports[`InputControlSelectRadio renders markup correctly 1`] = `
<div
  className="input-control input-control-select-radio"
  id="input-control-name"
>
  <label
    className="label input-control__label"
    htmlFor="name"
  >
    Your Name
  </label>
  <div
    className="input-control-select-radio__inputs"
  >
    <div
      className="input-control input-control-radio"
      id="input-control-name-1"
    >
      <input
        autoFocus={false}
        className="input-control__input input-radio"
        defaultChecked={false}
        id="name-1"
        name="name"
        onChange={[Function]}
        type="radio"
        value="one"
      />
      <label
        className="label input-control__label"
        htmlFor="name-1"
      >
        one
      </label>
    </div>
    <div
      className="input-control input-control-radio"
      id="input-control-name-2"
    >
      <input
        autoFocus={false}
        className="input-control__input input-radio"
        defaultChecked={false}
        id="name-2"
        name="name"
        onChange={[Function]}
        type="radio"
        value="two"
      />
      <label
        className="label input-control__label"
        htmlFor="name-2"
      >
        two
      </label>
    </div>
  </div>
</div>
`;
