// Jest Snapshot v1, https://goo.gl/fbAQLP

exports[`FormSuccess renders markup correctly 1`] = `
<div
  className="form-success"
>
  <div
    className="form-success__container"
  >
    <div
      className="icon-success"
    >
      <svg
        height="160px"
        viewBox="0 0 72 72"
        width="160px"
        xmlns="http://www.w3.org/2000/svg"
      >
        <g
          fill="none"
          stroke="#8EC343"
          strokeWidth="3"
        >
          <circle
            className="icon-success__circle"
            cx="36"
            cy="36"
            r="34"
            style={
              Object {
                "strokeDasharray": "240px, 240px",
                "strokeDashoffset": "480px",
              }
            }
          />
          <path
            className="icon-success__path"
            d="M17.417,37.778l9.93,9.909l25.444-25.393"
            style={
              Object {
                "strokeDasharray": "50px, 50px",
                "strokeDashoffset": "0px",
              }
            }
          />
        </g>
      </svg>
    </div>
    <h2>
      Success!
    </h2>
    <p>
      Thank you for submitting
    </p>
    <button
      className="button button--primary form-success__reset"
      onClick={[Function]}
      type="button"
    >
      Start over
    </button>
  </div>
</div>
`;
