// Jest Snapshot v1, https://goo.gl/fbAQLP

exports[`InputSelectRadio renders markup correctly 1`] = `
<div
  className="input-select input-select--radio"
>
  <label
    className="label"
    htmlFor="salary"
  >
    Your Name
  </label>
  <div
    className="input-group input-group--radio"
  >
    <input
      className="input-group__input input-radio"
      defaultChecked={false}
      id="name-0"
      name="name"
      onChange={[Function]}
      type="radio"
      value="one"
    />
    <label
      className="input-group__label"
      htmlFor="name-0"
    >
      one
    </label>
  </div>
  <div
    className="input-group input-group--radio"
  >
    <input
      className="input-group__input input-radio"
      defaultChecked={false}
      id="name-1"
      name="name"
      onChange={[Function]}
      type="radio"
      value="two"
    />
    <label
      className="input-group__label"
      htmlFor="name-1"
    >
      two
    </label>
  </div>
</div>
`;
