// Jest Snapshot v1, https://goo.gl/fbAQLP

exports[`InputControlRadio renders markup correctly 1`] = `
<div
  className="input-control input-control-radio"
  id="input-control-name"
>
  <input
    autoFocus={false}
    className="input-control__input input-radio"
    defaultChecked={false}
    id="name"
    name="name"
    onChange={[Function]}
    type="radio"
    value="Bob"
  />
  <label
    className="label input-control__label"
    htmlFor="name"
  >
    Your Name
  </label>
</div>
`;
