// Jest Snapshot v1, https://goo.gl/fbAQLP

exports[`FormMultiStep renders markup correctly 1`] = `
<div
  className="form-multi-step"
  id="form-multi-step-test"
>
  <div
    className="form-controls"
  >
    <div
      className="form-controls__back"
      onClick={[Function]}
    >
      <svg
        className="icon-back"
        height="36"
        id="icon-back"
        version="1.1"
        viewBox="0 0 512 512"
        width="36"
        xmlSpace="preserve"
        xmlns="http://www.w3.org/2000/svg"
        xmlnsXlink="http://www.w3.org/1999/xlink"
      >
        <polygon
          fill="#333"
          points="352,128.4 319.7,96 160,256 160,256 160,256 319.7,416 352,383.6 224.7,256 "
        />
      </svg>
    </div>
    <div
      className="form-progress"
    >
      <div
        className="form-progress__indicator-bar"
        style={
          Object {
            "width": "0%",
          }
        }
      />
      <div
        className="form-progress__background-bar"
      />
    </div>
  </div>
  <form
    className="form form-step"
    id="form-step-1"
    onSubmit={[Function]}
  >
    <div
      className="form__container"
    >
      <div
        className="input-control input-control-text"
        id="input-control-name"
      >
        <label
          className="label input-control__label"
          htmlFor="name"
        >
          Your full name
        </label>
        <input
          autoFocus={true}
          className="input-control__input input-text"
          id="name"
          name="name"
          onChange={[Function]}
          type="text"
          value=""
        />
      </div>
      <button
        className="button button--secondary button--large form-multi-step__next"
        onClick={[Function]}
        type="button"
      >
        Next
      </button>
    </div>
  </form>
</div>
`;
