// Jest Snapshot v1, https://goo.gl/fbAQLP

exports[`InputControlText renders markup correctly 1`] = `
<div
  className="input-control input-control-text"
  id="input-control-name"
>
  <label
    className="label input-control__label"
    htmlFor="name"
  >
    Your Name
  </label>
  <input
    autoFocus={true}
    className="input-control__input input-text"
    id="name"
    name="name"
    onChange={[Function]}
    value="Bob"
  />
</div>
`;
