// Jest Snapshot v1, https://goo.gl/fbAQLP

exports[`FormProgress renders markup correctly 1`] = `
<div
  className="form-progress"
>
  <div
    className="form-progress__indicator-bar"
    style={
      Object {
        "width": "0%",
      }
    }
  />
  <div
    className="form-progress__background-bar"
  />
</div>
`;
