// Jest Snapshot v1, https://goo.gl/fbAQLP

exports[`FormSummary renders markup correctly 1`] = `
<div
  className="form-summary"
>
  <div
    className="table"
  >
    <div
      className="table__row"
    >
      <div
        className="table__column"
      >
        <div
          className="table__label"
        >
          name
        </div>
        <div
          className="table__value"
        >
          
        </div>
      </div>
      <div
        className="table__column table__column--actions"
      >
        <button
          className="button button--small form-summary__edit"
          onClick={[Function]}
          type="button"
        >
          Edit
        </button>
      </div>
    </div>
  </div>
</div>
`;
